../Core/Src/main.c:74:6:dummy_delay_us	24	static,ignoring_inline_asm
../Core/Src/main.c:88:6:Servo_Init	8	static
../Core/Src/main.c:92:6:Servo_DeInit	8	static
../Core/Src/main.c:96:6:Servo_Write	24	static
../Core/Src/main.c:110:5:main	16	static
../Core/Src/main.c:220:6:SystemClock_Config	72	static
../Core/Src/main.c:259:13:MX_CAN_Init	48	static
../Core/Src/main.c:309:13:MX_SPI1_Init	8	static
../Core/Src/main.c:347:13:MX_TIM1_Init	96	static
../Core/Src/main.c:422:13:MX_GPIO_Init	32	static
../Core/Src/main.c:469:6:HAL_GPIO_EXTI_Callback	16	static
../Core/Src/main.c:484:6:Error_Handler	4	static,ignoring_inline_asm
