../Core/Src/main.c:73:6:dummy_delay_us	24	static,ignoring_inline_asm
../Core/Src/main.c:87:6:Servo_Init	8	static
../Core/Src/main.c:91:6:Servo_DeInit	8	static
../Core/Src/main.c:95:6:Servo_Write	24	static
../Core/Src/main.c:109:5:main	16	static
../Core/Src/main.c:202:6:SystemClock_Config	72	static
../Core/Src/main.c:241:13:MX_CAN_Init	8	static
../Core/Src/main.c:278:13:MX_SPI1_Init	8	static
../Core/Src/main.c:316:13:MX_TIM1_Init	96	static
../Core/Src/main.c:391:13:MX_GPIO_Init	32	static
../Core/Src/main.c:438:6:HAL_GPIO_EXTI_Callback	16	static
../Core/Src/main.c:450:6:Error_Handler	4	static,ignoring_inline_asm
