Archive member included to satisfy reference by file (symbol)

D:/STM32CubeIdeSetUp/STM32CubeIDE_1.19.0/STM32CubeIDE/plugins/com.st.stm32cube.ide.mcu.externaltools.gnu-tools-for-stm32.13.3.rel1.win32_1.0.0.202411081344/tools/bin/../lib/gcc/arm-none-eabi/13.3.1/../../../../arm-none-eabi/lib/thumb/v7-m/nofp\libc_nano.a(libc_a-exit.o)
                              D:/STM32CubeIdeSetUp/STM32CubeIDE_1.19.0/STM32CubeIDE/plugins/com.st.stm32cube.ide.mcu.externaltools.gnu-tools-for-stm32.13.3.rel1.win32_1.0.0.202411081344/tools/bin/../lib/gcc/arm-none-eabi/13.3.1/../../../../arm-none-eabi/lib/thumb/v7-m/nofp/crt0.o (exit)
D:/STM32CubeIdeSetUp/STM32CubeIDE_1.19.0/STM32CubeIDE/plugins/com.st.stm32cube.ide.mcu.externaltools.gnu-tools-for-stm32.13.3.rel1.win32_1.0.0.202411081344/tools/bin/../lib/gcc/arm-none-eabi/13.3.1/../../../../arm-none-eabi/lib/thumb/v7-m/nofp\libc_nano.a(libc_a-findfp.o)
                              D:/STM32CubeIdeSetUp/STM32CubeIDE_1.19.0/STM32CubeIDE/plugins/com.st.stm32cube.ide.mcu.externaltools.gnu-tools-for-stm32.13.3.rel1.win32_1.0.0.202411081344/tools/bin/../lib/gcc/arm-none-eabi/13.3.1/../../../../arm-none-eabi/lib/thumb/v7-m/nofp\libc_nano.a(libc_a-exit.o) (__stdio_exit_handler)
D:/STM32CubeIdeSetUp/STM32CubeIDE_1.19.0/STM32CubeIDE/plugins/com.st.stm32cube.ide.mcu.externaltools.gnu-tools-for-stm32.13.3.rel1.win32_1.0.0.202411081344/tools/bin/../lib/gcc/arm-none-eabi/13.3.1/../../../../arm-none-eabi/lib/thumb/v7-m/nofp\libc_nano.a(libc_a-fwalk.o)
                              D:/STM32CubeIdeSetUp/STM32CubeIDE_1.19.0/STM32CubeIDE/plugins/com.st.stm32cube.ide.mcu.externaltools.gnu-tools-for-stm32.13.3.rel1.win32_1.0.0.202411081344/tools/bin/../lib/gcc/arm-none-eabi/13.3.1/../../../../arm-none-eabi/lib/thumb/v7-m/nofp\libc_nano.a(libc_a-findfp.o) (_fwalk_sglue)
D:/STM32CubeIdeSetUp/STM32CubeIDE_1.19.0/STM32CubeIDE/plugins/com.st.stm32cube.ide.mcu.externaltools.gnu-tools-for-stm32.13.3.rel1.win32_1.0.0.202411081344/tools/bin/../lib/gcc/arm-none-eabi/13.3.1/../../../../arm-none-eabi/lib/thumb/v7-m/nofp\libc_nano.a(libc_a-stdio.o)
                              D:/STM32CubeIdeSetUp/STM32CubeIDE_1.19.0/STM32CubeIDE/plugins/com.st.stm32cube.ide.mcu.externaltools.gnu-tools-for-stm32.13.3.rel1.win32_1.0.0.202411081344/tools/bin/../lib/gcc/arm-none-eabi/13.3.1/../../../../arm-none-eabi/lib/thumb/v7-m/nofp\libc_nano.a(libc_a-findfp.o) (__sread)
D:/STM32CubeIdeSetUp/STM32CubeIDE_1.19.0/STM32CubeIDE/plugins/com.st.stm32cube.ide.mcu.externaltools.gnu-tools-for-stm32.13.3.rel1.win32_1.0.0.202411081344/tools/bin/../lib/gcc/arm-none-eabi/13.3.1/../../../../arm-none-eabi/lib/thumb/v7-m/nofp\libc_nano.a(libc_a-memset.o)
                              D:/STM32CubeIdeSetUp/STM32CubeIDE_1.19.0/STM32CubeIDE/plugins/com.st.stm32cube.ide.mcu.externaltools.gnu-tools-for-stm32.13.3.rel1.win32_1.0.0.202411081344/tools/bin/../lib/gcc/arm-none-eabi/13.3.1/../../../../arm-none-eabi/lib/thumb/v7-m/nofp/crt0.o (memset)
D:/STM32CubeIdeSetUp/STM32CubeIDE_1.19.0/STM32CubeIDE/plugins/com.st.stm32cube.ide.mcu.externaltools.gnu-tools-for-stm32.13.3.rel1.win32_1.0.0.202411081344/tools/bin/../lib/gcc/arm-none-eabi/13.3.1/../../../../arm-none-eabi/lib/thumb/v7-m/nofp\libc_nano.a(libc_a-closer.o)
                              D:/STM32CubeIdeSetUp/STM32CubeIDE_1.19.0/STM32CubeIDE/plugins/com.st.stm32cube.ide.mcu.externaltools.gnu-tools-for-stm32.13.3.rel1.win32_1.0.0.202411081344/tools/bin/../lib/gcc/arm-none-eabi/13.3.1/../../../../arm-none-eabi/lib/thumb/v7-m/nofp\libc_nano.a(libc_a-stdio.o) (_close_r)
D:/STM32CubeIdeSetUp/STM32CubeIDE_1.19.0/STM32CubeIDE/plugins/com.st.stm32cube.ide.mcu.externaltools.gnu-tools-for-stm32.13.3.rel1.win32_1.0.0.202411081344/tools/bin/../lib/gcc/arm-none-eabi/13.3.1/../../../../arm-none-eabi/lib/thumb/v7-m/nofp\libc_nano.a(libc_a-reent.o)
                              D:/STM32CubeIdeSetUp/STM32CubeIDE_1.19.0/STM32CubeIDE/plugins/com.st.stm32cube.ide.mcu.externaltools.gnu-tools-for-stm32.13.3.rel1.win32_1.0.0.202411081344/tools/bin/../lib/gcc/arm-none-eabi/13.3.1/../../../../arm-none-eabi/lib/thumb/v7-m/nofp\libc_nano.a(libc_a-closer.o) (errno)
D:/STM32CubeIdeSetUp/STM32CubeIDE_1.19.0/STM32CubeIDE/plugins/com.st.stm32cube.ide.mcu.externaltools.gnu-tools-for-stm32.13.3.rel1.win32_1.0.0.202411081344/tools/bin/../lib/gcc/arm-none-eabi/13.3.1/../../../../arm-none-eabi/lib/thumb/v7-m/nofp\libc_nano.a(libc_a-impure.o)
                              D:/STM32CubeIdeSetUp/STM32CubeIDE_1.19.0/STM32CubeIDE/plugins/com.st.stm32cube.ide.mcu.externaltools.gnu-tools-for-stm32.13.3.rel1.win32_1.0.0.202411081344/tools/bin/../lib/gcc/arm-none-eabi/13.3.1/../../../../arm-none-eabi/lib/thumb/v7-m/nofp\libc_nano.a(libc_a-reent.o) (_impure_ptr)
D:/STM32CubeIdeSetUp/STM32CubeIDE_1.19.0/STM32CubeIDE/plugins/com.st.stm32cube.ide.mcu.externaltools.gnu-tools-for-stm32.13.3.rel1.win32_1.0.0.202411081344/tools/bin/../lib/gcc/arm-none-eabi/13.3.1/../../../../arm-none-eabi/lib/thumb/v7-m/nofp\libc_nano.a(libc_a-lseekr.o)
[...]
Memory Configuration

Name             Origin             Length             Attributes
RAM              0x20000000         0x00005000         xrw
FLASH            0x08000000         0x00010000         xr
*default*        0x00000000         0xffffffff

Linker script and memory map

LOAD D:/STM32CubeIdeSetUp/STM32CubeIDE_1.19.0/STM32CubeIDE/plugins/com.st.stm32cube.ide.mcu.externaltools.gnu-tools-for-stm32.13.3.rel1.win32_1.0.0.202411081344/tools/bin/../lib/gcc/arm-none-eabi/13.3.1/thumb/v7-m/nofp/crti.o
LOAD D:/STM32CubeIdeSetUp/STM32CubeIDE_1.19.0/STM32CubeIDE/plugins/com.st.stm32cube.ide.mcu.externaltools.gnu-tools-for-stm32.13.3.rel1.win32_1.0.0.202411081344/tools/bin/../lib/gcc/arm-none-eabi/13.3.1/thumb/v7-m/nofp/crtbegin.o
LOAD D:/STM32CubeIdeSetUp/STM32CubeIDE_1.19.0/STM32CubeIDE/plugins/com.st.stm32cube.ide.mcu.externaltools.gnu-tools-for-stm32.13.3.rel1.win32_1.0.0.202411081344/tools/bin/../lib/gcc/arm-none-eabi/13.3.1/../../../../arm-none-eabi/lib/thumb/v7-m/nofp/crt0.o
LOAD ./Core/Src/hcsr04.o
LOAD ./Core/Src/main.o
LOAD ./Core/Src/stm32f1xx_hal_msp.o
LOAD ./Core/Src/stm32f1xx_it.o
LOAD ./Core/Src/syscalls.o
LOAD ./Core/Src/sysmem.o
LOAD ./Core/Src/system_stm32f1xx.o
LOAD ./Core/Startup/startup_stm32f103c8tx.o
LOAD ./Drivers/STM32F1xx_HAL_Driver/Src/stm32f1xx_hal.o
LOAD ./Drivers/STM32F1xx_HAL_Driver/Src/stm32f1xx_hal_can.o
LOAD ./Drivers/STM32F1xx_HAL_Driver/Src/stm32f1xx_hal_cortex.o
LOAD ./Drivers/STM32F1xx_HAL_Driver/Src/stm32f1xx_hal_dma.o
LOAD ./Drivers/STM32F1xx_HAL_Driver/Src/stm32f1xx_hal_exti.o
LOAD ./Drivers/STM32F1xx_HAL_Driver/Src/stm32f1xx_hal_flash.o
LOAD ./Drivers/STM32F1xx_HAL_Driver/Src/stm32f1xx_hal_flash_ex.o
LOAD ./Drivers/STM32F1xx_HAL_Driver/Src/stm32f1xx_hal_gpio.o
LOAD ./Drivers/STM32F1xx_HAL_Driver/Src/stm32f1xx_hal_gpio_ex.o
LOAD ./Drivers/STM32F1xx_HAL_Driver/Src/stm32f1xx_hal_pwr.o
LOAD ./Drivers/STM32F1xx_HAL_Driver/Src/stm32f1xx_hal_rcc.o
LOAD ./Drivers/STM32F1xx_HAL_Driver/Src/stm32f1xx_hal_rcc_ex.o
LOAD ./Drivers/STM32F1xx_HAL_Driver/Src/stm32f1xx_hal_tim.o
LOAD ./Drivers/STM32F1xx_HAL_Driver/Src/stm32f1xx_hal_tim_ex.o
START GROUP
LOAD D:/STM32CubeIdeSetUp/STM32CubeIDE_1.19.0/STM32CubeIDE/plugins/com.st.stm32cube.ide.mcu.externaltools.gnu-tools-for-stm32.13.3.rel1.win32_1.0.0.202411081344/tools/bin/../lib/gcc/arm-none-eabi/13.3.1/../../../../arm-none-eabi/lib/thumb/v7-m/nofp\libc_nano.a
LOAD D:/STM32CubeIdeSetUp/STM32CubeIDE_1.19.0/STM32CubeIDE/plugins/com.st.stm32cube.ide.mcu.externaltools.gnu-tools-for-stm32.13.3.rel1.win32_1.0.0.202411081344/tools/bin/../lib/gcc/arm-none-eabi/13.3.1/../../../../arm-none-eabi/lib/thumb/v7-m/nofp\libm.a
END GROUP
START GROUP
LOAD D:/STM32CubeIdeSetUp/STM32CubeIDE_1.19.0/STM32CubeIDE/plugins/com.st.stm32cube.ide.mcu.externaltools.gnu-tools-for-stm32.13.3.rel1.win32_1.0.0.202411081344/tools/bin/../lib/gcc/arm-none-eabi/13.3.1/thumb/v7-m/nofp\libgcc.a
LOAD D:/STM32CubeIdeSetUp/STM32CubeIDE_1.19.0/STM32CubeIDE/plugins/com.st.stm32cube.ide.mcu.externaltools.gnu-tools-for-stm32.13.3.rel1.win32_1.0.0.202411081344/tools/bin/../lib/gcc/arm-none-eabi/13.3.1/../../../../arm-none-eabi/lib/thumb/v7-m/nofp\libc_nano.a
END GROUP
START GROUP
LOAD D:/STM32CubeIdeSetUp/STM32CubeIDE_1.19.0/STM32CubeIDE/plugins/com.st.stm32cube.ide.mcu.externaltools.gnu-tools-for-stm32.13.3.rel1.win32_1.0.0.202411081344/tools/bin/../lib/gcc/arm-none-eabi/13.3.1/thumb/v7-m/nofp\libgcc.a
LOAD D:/STM32CubeIdeSetUp/STM32CubeIDE_1.19.0/STM32CubeIDE/plugins/com.st.stm32cube.ide.mcu.externaltools.gnu-tools-for-stm32.13.3.rel1.win32_1.0.0.202411081344/tools/bin/../lib/gcc/arm-none-eabi/13.3.1/../../../../arm-none-eabi/lib/thumb/v7-m/nofp\libc_nano.a
LOAD D:/STM32CubeIdeSetUp/STM32CubeIDE_1.19.0/STM32CubeIDE/plugins/com.st.stm32cube.ide.mcu.externaltools.gnu-tools-for-stm32.13.3.rel1.win32_1.0.0.202411081344/tools/bin/../lib/gcc/arm-none-eabi/13.3.1/../../../../arm-none-eabi/lib/thumb/v7-m/nofp\libnosys.a
END GROUP
START GROUP
LOAD D:/STM32CubeIdeSetUp/STM32CubeIDE_1.19.0/STM32CubeIDE/plugins/com.st.stm32cube.ide.mcu.externaltools.gnu-tools-for-stm32.13.3.rel1.win32_1.0.0.202411081344/tools/bin/../lib/gcc/arm-none-eabi/13.3.1/thumb/v7-m/nofp\libgcc.a
LOAD D:/STM32CubeIdeSetUp/STM32CubeIDE_1.19.0/STM32CubeIDE/plugins/com.st.stm32cube.ide.mcu.externaltools.gnu-tools-for-stm32.13.3.rel1.win32_1.0.0.202411081344/tools/bin/../lib/gcc/arm-none-eabi/13.3.1/../../../../arm-none-eabi/lib/thumb/v7-m/nofp\libc_nano.a
LOAD D:/STM32CubeIdeSetUp/STM32CubeIDE_1.19.0/STM32CubeIDE/plugins/com.st.stm32cube.ide.mcu.externaltools.gnu-tools-for-stm32.13.3.rel1.win32_1.0.0.202411081344/tools/bin/../lib/gcc/arm-none-eabi/13.3.1/../../../../arm-none-eabi/lib/thumb/v7-m/nofp\libnosys.a
END GROUP
LOAD D:/STM32CubeIdeSetUp/STM32CubeIDE_1.19.0/STM32CubeIDE/plugins/com.st.stm32cube.ide.mcu.externaltools.gnu-tools-for-stm32.13.3.rel1.win32_1.0.0.202411081344/tools/bin/../lib/gcc/arm-none-eabi/13.3.1/thumb/v7-m/nofp/crtend.o
LOAD D:/STM32CubeIdeSetUp/STM32CubeIDE_1.19.0/STM32CubeIDE/plugins/com.st.stm32cube.ide.mcu.externaltools.gnu-tools-for-stm32.13.3.rel1.win32_1.0.0.202411081344/tools/bin/../lib/gcc/arm-none-eabi/13.3.1/thumb/v7-m/nofp/crtn.o
                0x20005000                        _estack = (ORIGIN (RAM) + LENGTH (RAM))
                0x00000200                        _Min_Heap_Size = 0x200
                0x00000400                        _Min_Stack_Size = 0x400

.isr_vector     0x08000000      0x10c
                0x08000000                        . = ALIGN (0x4)
 *(.isr_vector)
 .isr_vector    0x08000000      0x10c ./Core/Startup/startup_stm32f103c8tx.o
                0x08000000                g_pfnVectors
                0x0800010c                        . = ALIGN (0x4)

.text           0x0800010c     0x368c
                0x0800010c                        . = ALIGN (0x4)
 *(.text)
 .text          0x0800010c       0x40 D:/STM32CubeIdeSetUp/STM32CubeIDE_1.19.0/STM32CubeIDE/plugins/com.st.stm32cube.ide.mcu.externaltools.gnu-tools-for-stm32.13.3.rel1.win32_1.0.0.202411081344/tools/bin/../lib/gcc/arm-none-eabi/13.3.1/thumb/v7-m/nofp/crtbegin.o
 .text          0x0800014c      0x21c D:/STM32CubeIdeSetUp/STM32CubeIDE_1.19.0/STM32CubeIDE/plugins/com.st.stm32cube.ide.mcu.externaltools.gnu-tools-for-stm32.13.3.rel1.win32_1.0.0.202411081344/tools/bin/../lib/gcc/arm-none-eabi/13.3.1/thumb/v7-m/nofp\libgcc.a(_arm_addsubsf3.o)
                0x0800014c                __aeabi_frsub
                0x08000154                __subsf3
                0x08000154                __aeabi_fsub
                0x08000158                __aeabi_fadd
                0x08000158                __addsf3
                0x080002b8                __aeabi_ui2f
                0x080002b8                __floatunsisf
                0x080002c0                __aeabi_i2f
                0x080002c0                __floatsisf
                0x080002dc                __aeabi_ul2f
                0x080002dc                __floatundisf
                0x080002ec                __aeabi_l2f
                0x080002ec                __floatdisf
 .text          0x08000368      0x2a0 D:/STM32CubeIdeSetUp/STM32CubeIDE_1.19.0/STM32CubeIDE/plugins/com.st.stm32cube.ide.mcu.externaltools.gnu-tools-for-stm32.13.3.rel1.win32_1.0.0.202411081344/tools/bin/../lib/gcc/arm-none-eabi/13.3.1/thumb/v7-m/nofp\libgcc.a(_arm_muldivsf3.o)
                0x08000368                __mulsf3
                0x08000368                __aeabi_fmul
                0x080004d0                __aeabi_fdiv
                0x080004d0                __divsf3
 .text          0x08000608       0xec D:/STM32CubeIdeSetUp/STM32CubeIDE_1.19.0/STM32CubeIDE/plugins/com.st.stm32cube.ide.mcu.externaltools.gnu-tools-for-stm32.13.3.rel1.win32_1.0.0.202411081344/tools/bin/../lib/gcc/arm-none-eabi/13.3.1/thumb/v7-m/nofp\libgcc.a(_arm_cmpsf2.o)
                0x08000608                __gesf2
                0x08000608                __gtsf2
                0x08000610                __lesf2
                0x08000610                __ltsf2
                0x08000618                __nesf2
                0x08000618                __eqsf2
                0x08000618                __cmpsf2
                0x08000678                __aeabi_cfrcmple
                0x08000680                __aeabi_cfcmpeq
                0x08000680                __aeabi_cfcmple
                0x08000690                __aeabi_fcmpeq
                0x080006a4                __aeabi_fcmplt
                0x080006b8                __aeabi_fcmple
                0x080006cc                __aeabi_fcmpge
                0x080006e0                __aeabi_fcmpgt
 *(.text*)
 .text.delay_us
                0x080006f4       0x30 ./Core/Src/hcsr04.o
                0x080006f4                delay_us
 .text.HCSR04_IC_Trigger
                0x08000724       0x62 ./Core/Src/hcsr04.o
                0x08000724                HCSR04_IC_Trigger
 .text.HCSR04_IC_Init
                0x08000786       0x20 ./Core/Src/hcsr04.o
                0x08000786                HCSR04_IC_Init
 *fill*         0x080007a6        0x2 
 .text.HCSR04_IC_Callback
                0x080007a8      0x25c ./Core/Src/hcsr04.o
                0x080007a8                HCSR04_IC_Callback
 .text.MovingAvg_Update
                0x08000a04       0xa8 ./Core/Src/main.o
                0x08000a04                MovingAvg_Update
 .text.main     0x08000aac      0x204 ./Core/Src/main.o
                0x08000aac                main
 .text.SystemClock_Config
                0x08000cb0       0x82 ./Core/Src/main.o
                0x08000cb0                SystemClock_Config
 *fill*         0x08000d32        0x2 
 .text.MX_CAN_Init
                0x08000d34       0xa4 ./Core/Src/main.o
 .text.MX_TIM1_Init
                0x08000dd8       0xa0 ./Core/Src/main.o
 .text.MX_TIM3_Init
                0x08000e78       0xe0 ./Core/Src/main.o
 .text.MX_TIM4_Init
                0x08000f58       0xf8 ./Core/Src/main.o
 .text.MX_GPIO_Init
                0x08001050       0xac ./Core/Src/main.o
 .text.HAL_TIM_IC_CaptureCallback
                0x080010fc       0x78 ./Core/Src/main.o
                0x080010fc                HAL_TIM_IC_CaptureCallback
 .text.Error_Handler
                0x08001174        0xc ./Core/Src/main.o
                0x08001174                Error_Handler
 .text.HAL_MspInit
                0x08001180       0x64 ./Core/Src/stm32f1xx_hal_msp.o
                0x08001180                HAL_MspInit
 .text.HAL_CAN_MspInit
                0x080011e4       0x98 ./Core/Src/stm32f1xx_hal_msp.o
                0x080011e4                HAL_CAN_MspInit
 .text.HAL_TIM_Base_MspInit
                0x0800127c      0x148 ./Core/Src/stm32f1xx_hal_msp.o
                0x0800127c                HAL_TIM_Base_MspInit
 .text.NMI_Handler
                0x080013c4        0x8 ./Core/Src/stm32f1xx_it.o
                0x080013c4                NMI_Handler
 .text.HardFault_Handler
                0x080013cc        0x8 ./Core/Src/stm32f1xx_it.o
                0x080013cc                HardFault_Handler
 .text.MemManage_Handler
                0x080013d4        0x8 ./Core/Src/stm32f1xx_it.o
                0x080013d4                MemManage_Handler
 .text.BusFault_Handler
                0x080013dc        0x8 ./Core/Src/stm32f1xx_it.o
                0x080013dc                BusFault_Handler
 .text.UsageFault_Handler
                0x080013e4        0x8 ./Core/Src/stm32f1xx_it.o
                0x080013e4                UsageFault_Handler
 .text.SVC_Handler
                0x080013ec        0xc ./Core/Src/stm32f1xx_it.o
                0x080013ec                SVC_Handler
 .text.DebugMon_Handler
                0x080013f8        0xc ./Core/Src/stm32f1xx_it.o
                0x080013f8                DebugMon_Handler
 .text.PendSV_Handler
                0x08001404        0xc ./Core/Src/stm32f1xx_it.o
                0x08001404                PendSV_Handler
 .text.SysTick_Handler
                0x08001410        0xc ./Core/Src/stm32f1xx_it.o
                0x08001410                SysTick_Handler
 .text.TIM3_IRQHandler
                0x0800141c       0x14 ./Core/Src/stm32f1xx_it.o
                0x0800141c                TIM3_IRQHandler
 .text.TIM4_IRQHandler
                0x08001430       0x14 ./Core/Src/stm32f1xx_it.o
                0x08001430                TIM4_IRQHandler
 .text.SystemInit
                0x08001444        0xc ./Core/Src/system_stm32f1xx.o
                0x08001444                SystemInit
 .text.Reset_Handler
                0x08001450       0x48 ./Core/Startup/startup_stm32f103c8tx.o
                0x08001450                Reset_Handler
 .text.Default_Handler
                0x08001498        0x2 ./Core/Startup/startup_stm32f103c8tx.o
                0x08001498                RTC_Alarm_IRQHandler
                0x08001498                EXTI2_IRQHandler
                0x08001498                TIM1_CC_IRQHandler
                0x08001498                PVD_IRQHandler
                0x08001498                EXTI3_IRQHandler
                0x08001498                EXTI0_IRQHandler
                0x08001498                I2C2_EV_IRQHandler
                0x08001498                ADC1_2_IRQHandler
                0x08001498                SPI1_IRQHandler
                0x08001498                TAMPER_IRQHandler
                0x08001498                DMA1_Channel4_IRQHandler
                0x08001498                USART3_IRQHandler
                0x08001498                RTC_IRQHandler
                0x08001498                DMA1_Channel7_IRQHandler
                0x08001498                CAN1_RX1_IRQHandler
                0x08001498                I2C1_EV_IRQHandler
                0x08001498                DMA1_Channel6_IRQHandler
                0x08001498                RCC_IRQHandler
                0x08001498                TIM1_TRG_COM_IRQHandler
                0x08001498                DMA1_Channel1_IRQHandler
                0x08001498                Default_Handler
                0x08001498                EXTI15_10_IRQHandler
                0x08001498                EXTI9_5_IRQHandler
                0x08001498                SPI2_IRQHandler
                0x08001498                DMA1_Channel5_IRQHandler
                0x08001498                EXTI4_IRQHandler
                0x08001498                USB_LP_CAN1_RX0_IRQHandler
                0x08001498                USB_HP_CAN1_TX_IRQHandler
                0x08001498                DMA1_Channel3_IRQHandler
                0x08001498                TIM1_UP_IRQHandler
                0x08001498                WWDG_IRQHandler
                0x08001498                TIM2_IRQHandler
                0x08001498                TIM1_BRK_IRQHandler
                0x08001498                EXTI1_IRQHandler
                0x08001498                USART2_IRQHandler
                0x08001498                I2C2_ER_IRQHandler
                0x08001498                DMA1_Channel2_IRQHandler
                0x08001498                CAN1_SCE_IRQHandler
                0x08001498                FLASH_IRQHandler
                0x08001498                USART1_IRQHandler
                0x08001498                I2C1_ER_IRQHandler
                0x08001498                USBWakeUp_IRQHandler
 *fill*         0x0800149a        0x2 
 .text.HAL_Init
                0x0800149c       0x2c ./Drivers/STM32F1xx_HAL_Driver/Src/stm32f1xx_hal.o
                0x0800149c                HAL_Init
 .text.HAL_InitTick
                0x080014c8       0x60 ./Drivers/STM32F1xx_HAL_Driver/Src/stm32f1xx_hal.o
                0x080014c8                HAL_InitTick
 .text.HAL_IncTick
                0x08001528       0x24 ./Drivers/STM32F1xx_HAL_Driver/Src/stm32f1xx_hal.o
                0x08001528                HAL_IncTick
 .text.HAL_GetTick
                0x0800154c       0x14 ./Drivers/STM32F1xx_HAL_Driver/Src/stm32f1xx_hal.o
                0x0800154c                HAL_GetTick
 .text.HAL_Delay
                0x08001560       0x48 ./Drivers/STM32F1xx_HAL_Driver/Src/stm32f1xx_hal.o
                0x08001560                HAL_Delay
 .text.HAL_CAN_Init
                0x080015a8      0x1f6 ./Drivers/STM32F1xx_HAL_Driver/Src/stm32f1xx_hal_can.o
                0x080015a8                HAL_CAN_Init
 .text.HAL_CAN_ConfigFilter
                0x0800179e      0x192 ./Drivers/STM32F1xx_HAL_Driver/Src/stm32f1xx_hal_can.o
                0x0800179e                HAL_CAN_ConfigFilter
 .text.HAL_CAN_Start
                0x08001930       0x88 ./Drivers/STM32F1xx_HAL_Driver/Src/stm32f1xx_hal_can.o
                0x08001930                HAL_CAN_Start
 .text.HAL_CAN_AddTxMessage
                0x080019b8      0x19e ./Drivers/STM32F1xx_HAL_Driver/Src/stm32f1xx_hal_can.o
                0x080019b8                HAL_CAN_AddTxMessage
 *fill*         0x08001b56        0x2 
 .text.__NVIC_SetPriorityGrouping
                0x08001b58       0x48 ./Drivers/STM32F1xx_HAL_Driver/Src/stm32f1xx_hal_cortex.o
 .text.__NVIC_GetPriorityGrouping
                0x08001ba0       0x1c ./Drivers/STM32F1xx_HAL_Driver/Src/stm32f1xx_hal_cortex.o
 .text.__NVIC_EnableIRQ
                0x08001bbc       0x38 ./Drivers/STM32F1xx_HAL_Driver/Src/stm32f1xx_hal_cortex.o
 .text.__NVIC_SetPriority
                0x08001bf4       0x54 ./Drivers/STM32F1xx_HAL_Driver/Src/stm32f1xx_hal_cortex.o
 .text.NVIC_EncodePriority
                0x08001c48       0x64 ./Drivers/STM32F1xx_HAL_Driver/Src/stm32f1xx_hal_cortex.o
 .text.SysTick_Config
                0x08001cac       0x44 ./Drivers/STM32F1xx_HAL_Driver/Src/stm32f1xx_hal_cortex.o
 .text.HAL_NVIC_SetPriorityGrouping
                0x08001cf0       0x16 ./Drivers/STM32F1xx_HAL_Driver/Src/stm32f1xx_hal_cortex.o
                0x08001cf0                HAL_NVIC_SetPriorityGrouping
 .text.HAL_NVIC_SetPriority
                0x08001d06       0x38 ./Drivers/STM32F1xx_HAL_Driver/Src/stm32f1xx_hal_cortex.o
                0x08001d06                HAL_NVIC_SetPriority
 .text.HAL_NVIC_EnableIRQ
                0x08001d3e       0x1c ./Drivers/STM32F1xx_HAL_Driver/Src/stm32f1xx_hal_cortex.o
                0x08001d3e                HAL_NVIC_EnableIRQ
 .text.HAL_SYSTICK_Config
                0x08001d5a       0x18 ./Drivers/STM32F1xx_HAL_Driver/Src/stm32f1xx_hal_cortex.o
                0x08001d5a                HAL_SYSTICK_Config
 *fill*         0x08001d72        0x2 
 .text.HAL_GPIO_Init
                0x08001d74      0x308 ./Drivers/STM32F1xx_HAL_Driver/Src/stm32f1xx_hal_gpio.o
                0x08001d74                HAL_GPIO_Init
 .text.HAL_GPIO_WritePin
                0x0800207c       0x30 ./Drivers/STM32F1xx_HAL_Driver/Src/stm32f1xx_hal_gpio.o
                0x0800207c                HAL_GPIO_WritePin
 .text.HAL_RCC_OscConfig
                0x080020ac      0x504 ./Drivers/STM32F1xx_HAL_Driver/Src/stm32f1xx_hal_rcc.o
                0x080020ac                HAL_RCC_OscConfig
 .text.HAL_RCC_ClockConfig
                0x080025b0      0x1d4 ./Drivers/STM32F1xx_HAL_Driver/Src/stm32f1xx_hal_rcc.o
                0x080025b0                HAL_RCC_ClockConfig
 .text.HAL_RCC_GetSysClockFreq
                0x08002784       0xa8 ./Drivers/STM32F1xx_HAL_Driver/Src/stm32f1xx_hal_rcc.o
                0x08002784                HAL_RCC_GetSysClockFreq
 .text.RCC_Delay
                0x0800282c       0x3c ./Drivers/STM32F1xx_HAL_Driver/Src/stm32f1xx_hal_rcc.o
 .text.HAL_TIM_Base_Init
                0x08002868       0x9e ./Drivers/STM32F1xx_HAL_Driver/Src/stm32f1xx_hal_tim.o
                0x08002868                HAL_TIM_Base_Init
 *fill*         0x08002906        0x2 
 .text.HAL_TIM_Base_Start
                0x08002908       0x94 ./Drivers/STM32F1xx_HAL_Driver/Src/stm32f1xx_hal_tim.o
                0x08002908                HAL_TIM_Base_Start
 .text.HAL_TIM_IC_Init
                0x0800299c       0x9e ./Drivers/STM32F1xx_HAL_Driver/Src/stm32f1xx_hal_tim.o
                0x0800299c                HAL_TIM_IC_Init
 .text.HAL_TIM_IC_MspInit
                0x08002a3a       0x12 ./Drivers/STM32F1xx_HAL_Driver/Src/stm32f1xx_hal_tim.o
                0x08002a3a                HAL_TIM_IC_MspInit
 .text.HAL_TIM_IC_Start_IT
                0x08002a4c      0x218 ./Drivers/STM32F1xx_HAL_Driver/Src/stm32f1xx_hal_tim.o
                0x08002a4c                HAL_TIM_IC_Start_IT
 .text.HAL_TIM_IRQHandler
                0x08002c64      0x1e0 ./Drivers/STM32F1xx_HAL_Driver/Src/stm32f1xx_hal_tim.o
                0x08002c64                HAL_TIM_IRQHandler
 .text.HAL_TIM_IC_ConfigChannel
                0x08002e44      0x138 ./Drivers/STM32F1xx_HAL_Driver/Src/stm32f1xx_hal_tim.o
                0x08002e44                HAL_TIM_IC_ConfigChannel
 .text.HAL_TIM_ConfigClockSource
                0x08002f7c      0x18e ./Drivers/STM32F1xx_HAL_Driver/Src/stm32f1xx_hal_tim.o
                0x08002f7c                HAL_TIM_ConfigClockSource
 *fill*         0x0800310a        0x2 
 .text.HAL_TIM_ReadCapturedValue
                0x0800310c       0x88 ./Drivers/STM32F1xx_HAL_Driver/Src/stm32f1xx_hal_tim.o
                0x0800310c                HAL_TIM_ReadCapturedValue
 .text.HAL_TIM_PeriodElapsedCallback
                0x08003194       0x12 ./Drivers/STM32F1xx_HAL_Driver/Src/stm32f1xx_hal_tim.o
                0x08003194                HAL_TIM_PeriodElapsedCallback
 .text.HAL_TIM_OC_DelayElapsedCallback
                0x080031a6       0x12 ./Drivers/STM32F1xx_HAL_Driver/Src/stm32f1xx_hal_tim.o
                0x080031a6                HAL_TIM_OC_DelayElapsedCallback
 .text.HAL_TIM_PWM_PulseFinishedCallback
                0x080031b8       0x12 ./Drivers/STM32F1xx_HAL_Driver/Src/stm32f1xx_hal_tim.o
                0x080031b8                HAL_TIM_PWM_PulseFinishedCallback
 .text.HAL_TIM_TriggerCallback
                0x080031ca       0x12 ./Drivers/STM32F1xx_HAL_Driver/Src/stm32f1xx_hal_tim.o
                0x080031ca                HAL_TIM_TriggerCallback
 .text.TIM_Base_SetConfig
                0x080031dc       0xdc ./Drivers/STM32F1xx_HAL_Driver/Src/stm32f1xx_hal_tim.o
                0x080031dc                TIM_Base_SetConfig
 .text.TIM_TI1_SetConfig
                0x080032b8       0xb4 ./Drivers/STM32F1xx_HAL_Driver/Src/stm32f1xx_hal_tim.o
                0x080032b8                TIM_TI1_SetConfig
 .text.TIM_TI1_ConfigInputStage
                0x0800336c       0x5c ./Drivers/STM32F1xx_HAL_Driver/Src/stm32f1xx_hal_tim.o
 .text.TIM_TI2_SetConfig
                0x080033c8       0x78 ./Drivers/STM32F1xx_HAL_Driver/Src/stm32f1xx_hal_tim.o
 .text.TIM_TI2_ConfigInputStage
                0x08003440       0x5e ./Drivers/STM32F1xx_HAL_Driver/Src/stm32f1xx_hal_tim.o
 .text.TIM_TI3_SetConfig
                0x0800349e       0x76 ./Drivers/STM32F1xx_HAL_Driver/Src/stm32f1xx_hal_tim.o
 .text.TIM_TI4_SetConfig
                0x08003514       0x78 ./Drivers/STM32F1xx_HAL_Driver/Src/stm32f1xx_hal_tim.o
 .text.TIM_ITRx_SetConfig
                0x0800358c       0x34 ./Drivers/STM32F1xx_HAL_Driver/Src/stm32f1xx_hal_tim.o
 .text.TIM_ETR_SetConfig
                0x080035c0       0x3e ./Drivers/STM32F1xx_HAL_Driver/Src/stm32f1xx_hal_tim.o
                0x080035c0                TIM_ETR_SetConfig
 .text.TIM_CCxChannelCmd
                0x080035fe       0x48 ./Drivers/STM32F1xx_HAL_Driver/Src/stm32f1xx_hal_tim.o
                0x080035fe                TIM_CCxChannelCmd
 *fill*         0x08003646        0x2 
 .text.HAL_TIMEx_MasterConfigSynchronization
                0x08003648       0xbc ./Drivers/STM32F1xx_HAL_Driver/Src/stm32f1xx_hal_tim_ex.o
                0x08003648                HAL_TIMEx_MasterConfigSynchronization
 .text.HAL_TIMEx_CommutCallback
                0x08003704       0x12 ./Drivers/STM32F1xx_HAL_Driver/Src/stm32f1xx_hal_tim_ex.o
                0x08003704                HAL_TIMEx_CommutCallback
 .text.HAL_TIMEx_BreakCallback
                0x08003716       0x12 ./Drivers/STM32F1xx_HAL_Driver/Src/stm32f1xx_hal_tim_ex.o
                0x08003716                HAL_TIMEx_BreakCallback
 .text.memset   0x08003728       0x10 D:/STM32CubeIdeSetUp/STM32CubeIDE_1.19.0/STM32CubeIDE/plugins/com.st.stm32cube.ide.mcu.externaltools.gnu-tools-for-stm32.13.3.rel1.win32_1.0.0.202411081344/tools/bin/../lib/gcc/arm-none-eabi/13.3.1/../../../../arm-none-eabi/lib/thumb/v7-m/nofp\libc_nano.a(libc_a-memset.o)
                0x08003728                memset
 .text.__libc_init_array
                0x08003738       0x48 D:/STM32CubeIdeSetUp/STM32CubeIDE_1.19.0/STM32CubeIDE/plugins/com.st.stm32cube.ide.mcu.externaltools.gnu-tools-for-stm32.13.3.rel1.win32_1.0.0.202411081344/tools/bin/../lib/gcc/arm-none-eabi/13.3.1/../../../../arm-none-eabi/lib/thumb/v7-m/nofp\libc_nano.a(libc_a-init.o)
                0x08003738                __libc_init_array
 *(.glue_7)
 .glue_7        0x08003780        0x0 linker stubs
 *(.glue_7t)
 .glue_7t       0x08003780        0x0 linker stubs
 *(.eh_frame)
 .eh_frame      0x08003780        0x0 D:/STM32CubeIdeSetUp/STM32CubeIDE_1.19.0/STM32CubeIDE/plugins/com.st.stm32cube.ide.mcu.externaltools.gnu-tools-for-stm32.13.3.rel1.win32_1.0.0.202411081344/tools/bin/../lib/gcc/arm-none-eabi/13.3.1/thumb/v7-m/nofp/crtbegin.o
 *(.init)
 .init          0x08003780        0x4 D:/STM32CubeIdeSetUp/STM32CubeIDE_1.19.0/STM32CubeIDE/plugins/com.st.stm32cube.ide.mcu.externaltools.gnu-tools-for-stm32.13.3.rel1.win32_1.0.0.202411081344/tools/bin/../lib/gcc/arm-none-eabi/13.3.1/thumb/v7-m/nofp/crti.o
                0x08003780                _init
 .init          0x08003784        0x8 D:/STM32CubeIdeSetUp/STM32CubeIDE_1.19.0/STM32CubeIDE/plugins/com.st.stm32cube.ide.mcu.externaltools.gnu-tools-for-stm32.13.3.rel1.win32_1.0.0.202411081344/tools/bin/../lib/gcc/arm-none-eabi/13.3.1/thumb/v7-m/nofp/crtn.o
 *(.fini)
 .fini          0x0800378c        0x4 D:/STM32CubeIdeSetUp/STM32CubeIDE_1.19.0/STM32CubeIDE/plugins/com.st.stm32cube.ide.mcu.externaltools.gnu-tools-for-stm32.13.3.rel1.win32_1.0.0.202411081344/tools/bin/../lib/gcc/arm-none-eabi/13.3.1/thumb/v7-m/nofp/crti.o
                0x0800378c                _fini
 .fini          0x08003790        0x8 D:/STM32CubeIdeSetUp/STM32CubeIDE_1.19.0/STM32CubeIDE/plugins/com.st.stm32cube.ide.mcu.externaltools.gnu-tools-for-stm32.13.3.rel1.win32_1.0.0.202411081344/tools/bin/../lib/gcc/arm-none-eabi/13.3.1/thumb/v7-m/nofp/crtn.o
                0x08003798                        . = ALIGN (0x4)
                0x08003798                        _etext = .

.vfp11_veneer   0x08003798        0x0
 .vfp11_veneer  0x08003798        0x0 linker stubs

.v4_bx          0x08003798        0x0
 .v4_bx         0x08003798        0x0 linker stubs

.iplt           0x08003798        0x0
 .iplt          0x08003798        0x0 D:/STM32CubeIdeSetUp/STM32CubeIDE_1.19.0/STM32CubeIDE/plugins/com.st.stm32cube.ide.mcu.externaltools.gnu-tools-for-stm32.13.3.rel1.win32_1.0.0.202411081344/tools/bin/../lib/gcc/arm-none-eabi/13.3.1/thumb/v7-m/nofp/crtbegin.o

.rodata         0x08003798       0x24
                0x08003798                        . = ALIGN (0x4)
 *(.rodata)
 *(.rodata*)
 .rodata.AHBPrescTable
                0x08003798       0x10 ./Core/Src/system_stm32f1xx.o
                0x08003798                AHBPrescTable
 .rodata.aPLLMULFactorTable.1
                0x080037a8       0x10 ./Drivers/STM32F1xx_HAL_Driver/Src/stm32f1xx_hal_rcc.o
 .rodata.aPredivFactorTable.0
                0x080037b8        0x2 ./Drivers/STM32F1xx_HAL_Driver/Src/stm32f1xx_hal_rcc.o
                0x080037bc                        . = ALIGN (0x4)
 *fill*         0x080037ba        0x2 

.ARM.extab      0x080037bc        0x0
                0x080037bc                        . = ALIGN (0x4)
 *(.ARM.extab* .gnu.linkonce.armextab.*)
                0x080037bc                        . = ALIGN (0x4)

.ARM            0x080037bc        0x0
                0x080037bc                        . = ALIGN (0x4)
                0x080037bc                        __exidx_start = .
 *(.ARM.exidx*)
                0x080037bc                        __exidx_end = .
                0x080037bc                        . = ALIGN (0x4)

.preinit_array  0x080037bc        0x0
                0x080037bc                        . = ALIGN (0x4)
                0x080037bc                        PROVIDE (__preinit_array_start = .)
 *(.preinit_array*)
                0x080037bc                        PROVIDE (__preinit_array_end = .)
                0x080037bc                        . = ALIGN (0x4)

.init_array     0x080037bc        0x4
                0x080037bc                        . = ALIGN (0x4)
                0x080037bc                        PROVIDE (__init_array_start = .)
 *(SORT_BY_NAME(.init_array.*))
 *(.init_array*)
 .init_array    0x080037bc        0x4 D:/STM32CubeIdeSetUp/STM32CubeIDE_1.19.0/STM32CubeIDE/plugins/com.st.stm32cube.ide.mcu.externaltools.gnu-tools-for-stm32.13.3.rel1.win32_1.0.0.202411081344/tools/bin/../lib/gcc/arm-none-eabi/13.3.1/thumb/v7-m/nofp/crtbegin.o
                0x080037c0                        PROVIDE (__init_array_end = .)
                0x080037c0                        . = ALIGN (0x4)

.fini_array     0x080037c0        0x4
                0x080037c0                        . = ALIGN (0x4)
                [!provide]                        PROVIDE (__fini_array_start = .)
 *(SORT_BY_NAME(.fini_array.*))
 *(.fini_array*)
 .fini_array    0x080037c0        0x4 D:/STM32CubeIdeSetUp/STM32CubeIDE_1.19.0/STM32CubeIDE/plugins/com.st.stm32cube.ide.mcu.externaltools.gnu-tools-for-stm32.13.3.rel1.win32_1.0.0.202411081344/tools/bin/../lib/gcc/arm-none-eabi/13.3.1/thumb/v7-m/nofp/crtbegin.o
                [!provide]                        PROVIDE (__fini_array_end = .)
                0x080037c4                        . = ALIGN (0x4)
                0x080037c4                        _sidata = LOADADDR (.data)

.rel.dyn        0x080037c4        0x0
 .rel.iplt      0x080037c4        0x0 D:/STM32CubeIdeSetUp/STM32CubeIDE_1.19.0/STM32CubeIDE/plugins/com.st.stm32cube.ide.mcu.externaltools.gnu-tools-for-stm32.13.3.rel1.win32_1.0.0.202411081344/tools/bin/../lib/gcc/arm-none-eabi/13.3.1/thumb/v7-m/nofp/crtbegin.o

.data           0x20000000       0x6c load address 0x080037c4
                0x20000000                        . = ALIGN (0x4)
                0x20000000                        _sdata = .
 *(.data)
 *(.data*)
 .data.cb1      0x20000000       0x20 ./Core/Src/main.o
                0x20000000                cb1
 .data.cb2      0x20000020       0x20 ./Core/Src/main.o
                0x20000020                cb2
 .data.cb3      0x20000040       0x20 ./Core/Src/main.o
                0x20000040                cb3
 .data.SystemCoreClock
                0x20000060        0x4 ./Core/Src/system_stm32f1xx.o
                0x20000060                SystemCoreClock
 .data.uwTickPrio
                0x20000064        0x4 ./Drivers/STM32F1xx_HAL_Driver/Src/stm32f1xx_hal.o
                0x20000064                uwTickPrio
 .data.uwTickFreq
                0x20000068        0x1 ./Drivers/STM32F1xx_HAL_Driver/Src/stm32f1xx_hal.o
                0x20000068                uwTickFreq
 *(.RamFunc)
 *(.RamFunc*)
                0x2000006c                        . = ALIGN (0x4)
 *fill*         0x20000069        0x3 
                0x2000006c                        _edata = .

.igot.plt       0x2000006c        0x0 load address 0x08003830
 .igot.plt      0x2000006c        0x0 D:/STM32CubeIdeSetUp/STM32CubeIDE_1.19.0/STM32CubeIDE/plugins/com.st.stm32cube.ide.mcu.externaltools.gnu-tools-for-stm32.13.3.rel1.win32_1.0.0.202411081344/tools/bin/../lib/gcc/arm-none-eabi/13.3.1/thumb/v7-m/nofp/crtbegin.o
                0x2000006c                        . = ALIGN (0x4)

.bss            0x2000006c      0x198 load address 0x08003830
                0x2000006c                        _sbss = .
                0x2000006c                        __bss_start__ = _sbss
 *(.bss)
 .bss           0x2000006c       0x1c D:/STM32CubeIdeSetUp/STM32CubeIDE_1.19.0/STM32CubeIDE/plugins/com.st.stm32cube.ide.mcu.externaltools.gnu-tools-for-stm32.13.3.rel1.win32_1.0.0.202411081344/tools/bin/../lib/gcc/arm-none-eabi/13.3.1/thumb/v7-m/nofp/crtbegin.o
 *(.bss*)
 .bss.TxHeader  0x20000088       0x18 ./Core/Src/main.o
                0x20000088                TxHeader
 .bss.TxData    0x200000a0        0x8 ./Core/Src/main.o
                0x200000a0                TxData
 .bss.TxMailbox
                0x200000a8        0x4 ./Core/Src/main.o
                0x200000a8                TxMailbox
 .bss.hcan      0x200000ac       0x28 ./Core/Src/main.o
                0x200000ac                hcan
 .bss.htim1     0x200000d4       0x48 ./Core/Src/main.o
                0x200000d4                htim1
 .bss.htim3     0x2000011c       0x48 ./Core/Src/main.o
                0x2000011c                htim3
 .bss.htim4     0x20000164       0x48 ./Core/Src/main.o
                0x20000164                htim4
 .bss.filter1   0x200001ac       0x1c ./Core/Src/main.o
                0x200001ac                filter1
 .bss.filter2   0x200001c8       0x1c ./Core/Src/main.o
                0x200001c8                filter2
 .bss.filter3   0x200001e4       0x1c ./Core/Src/main.o
                0x200001e4                filter3
 .bss.uwTick    0x20000200        0x4 ./Drivers/STM32F1xx_HAL_Driver/Src/stm32f1xx_hal.o
                0x20000200                uwTick
 *(COMMON)
                0x20000204                        . = ALIGN (0x4)
                0x20000204                        _ebss = .
                0x20000204                        __bss_end__ = _ebss

._user_heap_stack
                0x20000204      0x604 load address 0x08003830
                0x20000208                        . = ALIGN (0x8)
 *fill*         0x20000204        0x4 
                [!provide]                        PROVIDE (end = .)
                0x20000208                        PROVIDE (_end = .)
                0x20000408                        . = (. + _Min_Heap_Size)
 *fill*         0x20000208      0x200 
                0x20000808                        . = (. + _Min_Stack_Size)
 *fill*         0x20000408      0x400 
                0x20000808                        . = ALIGN (0x8)

/DISCARD/
 libc.a(*)
 libm.a(*)
 libgcc.a(*)

.ARM.attributes
                0x00000000       0x29
 *(.ARM.attributes)
 .ARM.attributes
                0x00000000       0x1d D:/STM32CubeIdeSetUp/STM32CubeIDE_1.19.0/STM32CubeIDE/plugins/com.st.stm32cube.ide.mcu.externaltools.gnu-tools-for-stm32.13.3.rel1.win32_1.0.0.202411081344/tools/bin/../lib/gcc/arm-none-eabi/13.3.1/thumb/v7-m/nofp/crti.o
 .ARM.attributes
                0x0000001d       0x2d D:/STM32CubeIdeSetUp/STM32CubeIDE_1.19.0/STM32CubeIDE/plugins/com.st.stm32cube.ide.mcu.externaltools.gnu-tools-for-stm32.13.3.rel1.win32_1.0.0.202411081344/tools/bin/../lib/gcc/arm-none-eabi/13.3.1/thumb/v7-m/nofp/crtbegin.o
 .ARM.attributes
                0x0000004a       0x2d ./Core/Src/hcsr04.o
 .ARM.attributes
                0x00000077       0x2d ./Core/Src/main.o
 .ARM.attributes
                0x000000a4       0x2d ./Core/Src/stm32f1xx_hal_msp.o
 .ARM.attributes
                0x000000d1       0x2d ./Core/Src/stm32f1xx_it.o
 .ARM.attributes
                0x000000fe       0x2d ./Core/Src/system_stm32f1xx.o
 .ARM.attributes
                0x0000012b       0x21 ./Core/Startup/startup_stm32f103c8tx.o
 .ARM.attributes
                0x0000014c       0x2d ./Drivers/STM32F1xx_HAL_Driver/Src/stm32f1xx_hal.o
 .ARM.attributes
                0x00000179       0x2d ./Drivers/STM32F1xx_HAL_Driver/Src/stm32f1xx_hal_can.o
 .ARM.attributes
                0x000001a6       0x2d ./Drivers/STM32F1xx_HAL_Driver/Src/stm32f1xx_hal_cortex.o
 .ARM.attributes
                0x000001d3       0x2d ./Drivers/STM32F1xx_HAL_Driver/Src/stm32f1xx_hal_gpio.o
 .ARM.attributes
                0x00000200       0x2d ./Drivers/STM32F1xx_HAL_Driver/Src/stm32f1xx_hal_rcc.o
 .ARM.attributes
                0x0000022d       0x2d ./Drivers/STM32F1xx_HAL_Driver/Src/stm32f1xx_hal_tim.o
 .ARM.attributes
                0x0000025a       0x2d ./Drivers/STM32F1xx_HAL_Driver/Src/stm32f1xx_hal_tim_ex.o
 .ARM.attributes
                0x00000287       0x2d D:/STM32CubeIdeSetUp/STM32CubeIDE_1.19.0/STM32CubeIDE/plugins/com.st.stm32cube.ide.mcu.externaltools.gnu-tools-for-stm32.13.3.rel1.win32_1.0.0.202411081344/tools/bin/../lib/gcc/arm-none-eabi/13.3.1/../../../../arm-none-eabi/lib/thumb/v7-m/nofp\libc_nano.a(libc_a-memset.o)
 .ARM.attributes
                0x000002b4       0x2d D:/STM32CubeIdeSetUp/STM32CubeIDE_1.19.0/STM32CubeIDE/plugins/com.st.stm32cube.ide.mcu.externaltools.gnu-tools-for-stm32.13.3.rel1.win32_1.0.0.202411081344/tools/bin/../lib/gcc/arm-none-eabi/13.3.1/../../../../arm-none-eabi/lib/thumb/v7-m/nofp\libc_nano.a(libc_a-init.o)
 .ARM.attributes
                0x000002e1       0x1d D:/STM32CubeIdeSetUp/STM32CubeIDE_1.19.0/STM32CubeIDE/plugins/com.st.stm32cube.ide.mcu.externaltools.gnu-tools-for-stm32.13.3.rel1.win32_1.0.0.202411081344/tools/bin/../lib/gcc/arm-none-eabi/13.3.1/thumb/v7-m/nofp\libgcc.a(_arm_addsubsf3.o)
 .ARM.attributes
                0x000002fe       0x1d D:/STM32CubeIdeSetUp/STM32CubeIDE_1.19.0/STM32CubeIDE/plugins/com.st.stm32cube.ide.mcu.externaltools.gnu-tools-for-stm32.13.3.rel1.win32_1.0.0.202411081344/tools/bin/../lib/gcc/arm-none-eabi/13.3.1/thumb/v7-m/nofp\libgcc.a(_arm_muldivsf3.o)
 .ARM.attributes
                0x0000031b       0x1d D:/STM32CubeIdeSetUp/STM32CubeIDE_1.19.0/STM32CubeIDE/plugins/com.st.stm32cube.ide.mcu.externaltools.gnu-tools-for-stm32.13.3.rel1.win32_1.0.0.202411081344/tools/bin/../lib/gcc/arm-none-eabi/13.3.1/thumb/v7-m/nofp\libgcc.a(_arm_cmpsf2.o)
 .ARM.attributes
                0x00000338       0x1d D:/STM32CubeIdeSetUp/STM32CubeIDE_1.19.0/STM32CubeIDE/plugins/com.st.stm32cube.ide.mcu.externaltools.gnu-tools-for-stm32.13.3.rel1.win32_1.0.0.202411081344/tools/bin/../lib/gcc/arm-none-eabi/13.3.1/thumb/v7-m/nofp/crtn.o
OUTPUT(Ultrasonic_Slave.elf elf32-littlearm)
LOAD linker stubs
LOAD D:/STM32CubeIdeSetUp/STM32CubeIDE_1.19.0/STM32CubeIDE/plugins/com.st.stm32cube.ide.mcu.externaltools.gnu-tools-for-stm32.13.3.rel1.win32_1.0.0.202411081344/tools/bin/../lib/gcc/arm-none-eabi/13.3.1/../../../../arm-none-eabi/lib/thumb/v7-m/nofp\libc.a
LOAD D:/STM32CubeIdeSetUp/STM32CubeIDE_1.19.0/STM32CubeIDE/plugins/com.st.stm32cube.ide.mcu.externaltools.gnu-tools-for-stm32.13.3.rel1.win32_1.0.0.202411081344/tools/bin/../lib/gcc/arm-none-eabi/13.3.1/../../../../arm-none-eabi/lib/thumb/v7-m/nofp\libm.a
LOAD D:/STM32CubeIdeSetUp/STM32CubeIDE_1.19.0/STM32CubeIDE/plugins/com.st.stm32cube.ide.mcu.externaltools.gnu-tools-for-stm32.13.3.rel1.win32_1.0.0.202411081344/tools/bin/../lib/gcc/arm-none-eabi/13.3.1/thumb/v7-m/nofp\libgcc.a

.debug_info     0x00000000     0xa150
 .debug_info    0x00000000      0x878 ./Core/Src/hcsr04.o
 .debug_info    0x00000878     0x14a3 ./Core/Src/main.o
 .debug_info    0x00001d1b      0xf18 ./Core/Src/stm32f1xx_hal_msp.o
 .debug_info    0x00002c33      0x6b9 ./Core/Src/stm32f1xx_it.o
 .debug_info    0x000032ec      0x222 ./Core/Src/system_stm32f1xx.o
 .debug_info    0x0000350e       0x30 ./Core/Startup/startup_stm32f103c8tx.o
 .debug_info    0x0000353e      0x704 ./Drivers/STM32F1xx_HAL_Driver/Src/stm32f1xx_hal.o
 .debug_info    0x00003c42      0xf13 ./Drivers/STM32F1xx_HAL_Driver/Src/stm32f1xx_hal_can.o
 .debug_info    0x00004b55      0xa87 ./Drivers/STM32F1xx_HAL_Driver/Src/stm32f1xx_hal_cortex.o
 .debug_info    0x000055dc      0x5ab ./Drivers/STM32F1xx_HAL_Driver/Src/stm32f1xx_hal_gpio.o
 .debug_info    0x00005b87      0x7d5 ./Drivers/STM32F1xx_HAL_Driver/Src/stm32f1xx_hal_rcc.o
 .debug_info    0x0000635c     0x2959 ./Drivers/STM32F1xx_HAL_Driver/Src/stm32f1xx_hal_tim.o
 .debug_info    0x00008cb5     0x149b ./Drivers/STM32F1xx_HAL_Driver/Src/stm32f1xx_hal_tim_ex.o

.debug_abbrev   0x00000000     0x1ac5
 .debug_abbrev  0x00000000      0x1ef ./Core/Src/hcsr04.o
 .debug_abbrev  0x000001ef      0x33c ./Core/Src/main.o
 .debug_abbrev  0x0000052b      0x219 ./Core/Src/stm32f1xx_hal_msp.o
 .debug_abbrev  0x00000744      0x193 ./Core/Src/stm32f1xx_it.o
 .debug_abbrev  0x000008d7      0x13f ./Core/Src/system_stm32f1xx.o
 .debug_abbrev  0x00000a16       0x24 ./Core/Startup/startup_stm32f103c8tx.o
 .debug_abbrev  0x00000a3a      0x201 ./Drivers/STM32F1xx_HAL_Driver/Src/stm32f1xx_hal.o
 .debug_abbrev  0x00000c3b      0x21c ./Drivers/STM32F1xx_HAL_Driver/Src/stm32f1xx_hal_can.o
 .debug_abbrev  0x00000e57      0x2f8 ./Drivers/STM32F1xx_HAL_Driver/Src/stm32f1xx_hal_cortex.o
 .debug_abbrev  0x0000114f      0x1ca ./Drivers/STM32F1xx_HAL_Driver/Src/stm32f1xx_hal_gpio.o
 .debug_abbrev  0x00001319      0x2b3 ./Drivers/STM32F1xx_HAL_Driver/Src/stm32f1xx_hal_rcc.o
 .debug_abbrev  0x000015cc      0x277 ./Drivers/STM32F1xx_HAL_Driver/Src/stm32f1xx_hal_tim.o
 .debug_abbrev  0x00001843      0x282 ./Drivers/STM32F1xx_HAL_Driver/Src/stm32f1xx_hal_tim_ex.o

.debug_aranges  0x00000000      0xad8
 .debug_aranges
                0x00000000       0x38 ./Core/Src/hcsr04.o
 .debug_aranges
                0x00000038       0x68 ./Core/Src/main.o
 .debug_aranges
                0x000000a0       0x40 ./Core/Src/stm32f1xx_hal_msp.o
 .debug_aranges
                0x000000e0       0x70 ./Core/Src/stm32f1xx_it.o
 .debug_aranges
                0x00000150       0x28 ./Core/Src/system_stm32f1xx.o
 .debug_aranges
                0x00000178       0x28 ./Core/Startup/startup_stm32f103c8tx.o
 .debug_aranges
                0x000001a0       0xe0 ./Drivers/STM32F1xx_HAL_Driver/Src/stm32f1xx_hal.o
 .debug_aranges
                0x00000280      0x138 ./Drivers/STM32F1xx_HAL_Driver/Src/stm32f1xx_hal_can.o
 .debug_aranges
                0x000003b8      0x100 ./Drivers/STM32F1xx_HAL_Driver/Src/stm32f1xx_hal_cortex.o
 .debug_aranges
                0x000004b8       0x58 ./Drivers/STM32F1xx_HAL_Driver/Src/stm32f1xx_hal_gpio.o
 .debug_aranges
                0x00000510       0x90 ./Drivers/STM32F1xx_HAL_Driver/Src/stm32f1xx_hal_rcc.o
 .debug_aranges
                0x000005a0      0x3d0 ./Drivers/STM32F1xx_HAL_Driver/Src/stm32f1xx_hal_tim.o
 .debug_aranges
                0x00000970      0x168 ./Drivers/STM32F1xx_HAL_Driver/Src/stm32f1xx_hal_tim_ex.o

.debug_rnglists
                0x00000000      0x85c
 .debug_rnglists
                0x00000000       0x26 ./Core/Src/hcsr04.o
 .debug_rnglists
                0x00000026       0x51 ./Core/Src/main.o
 .debug_rnglists
                0x00000077       0x2e ./Core/Src/stm32f1xx_hal_msp.o
 .debug_rnglists
                0x000000a5       0x4f ./Core/Src/stm32f1xx_it.o
 .debug_rnglists
                0x000000f4       0x1a ./Core/Src/system_stm32f1xx.o
 .debug_rnglists
                0x0000010e       0x19 ./Core/Startup/startup_stm32f103c8tx.o
 .debug_rnglists
                0x00000127       0xa3 ./Drivers/STM32F1xx_HAL_Driver/Src/stm32f1xx_hal.o
 .debug_rnglists
                0x000001ca       0xed ./Drivers/STM32F1xx_HAL_Driver/Src/stm32f1xx_hal_can.o
 .debug_rnglists
                0x000002b7       0xbb ./Drivers/STM32F1xx_HAL_Driver/Src/stm32f1xx_hal_cortex.o
 .debug_rnglists
                0x00000372       0x3f ./Drivers/STM32F1xx_HAL_Driver/Src/stm32f1xx_hal_gpio.o
 .debug_rnglists
                0x000003b1       0x6c ./Drivers/STM32F1xx_HAL_Driver/Src/stm32f1xx_hal_rcc.o
 .debug_rnglists
                0x0000041d      0x31a ./Drivers/STM32F1xx_HAL_Driver/Src/stm32f1xx_hal_tim.o
 .debug_rnglists
                0x00000737      0x125 ./Drivers/STM32F1xx_HAL_Driver/Src/stm32f1xx_hal_tim_ex.o

.debug_macro    0x00000000    0x178ac
 .debug_macro   0x00000000      0x1bc ./Core/Src/hcsr04.o
 .debug_macro   0x000001bc      0xacc ./Core/Src/hcsr04.o
 .debug_macro   0x00000c88      0x21b ./Core/Src/hcsr04.o
 .debug_macro   0x00000ea3       0x2e ./Core/Src/hcsr04.o
 .debug_macro   0x00000ed1       0x22 ./Core/Src/hcsr04.o
 .debug_macro   0x00000ef3       0x22 ./Core/Src/hcsr04.o
 .debug_macro   0x00000f15       0x8e ./Core/Src/hcsr04.o
 .debug_macro   0x00000fa3       0x51 ./Core/Src/hcsr04.o
 .debug_macro   0x00000ff4      0x103 ./Core/Src/hcsr04.o
 .debug_macro   0x000010f7       0x6a ./Core/Src/hcsr04.o
 .debug_macro   0x00001161      0x1df ./Core/Src/hcsr04.o
 .debug_macro   0x00001340       0x1c ./Core/Src/hcsr04.o
 .debug_macro   0x0000135c       0x22 ./Core/Src/hcsr04.o
 .debug_macro   0x0000137e       0xbd ./Core/Src/hcsr04.o
 .debug_macro   0x0000143b      0xd23 ./Core/Src/hcsr04.o
 .debug_macro   0x0000215e     0xe09e ./Core/Src/hcsr04.o
 .debug_macro   0x000101fc       0x6d ./Core/Src/hcsr04.o
 .debug_macro   0x00010269     0x34a2 ./Core/Src/hcsr04.o
 .debug_macro   0x0001370b      0x190 ./Core/Src/hcsr04.o
 .debug_macro   0x0001389b       0x5c ./Core/Src/hcsr04.o
 .debug_macro   0x000138f7      0x5bc ./Core/Src/hcsr04.o
 .debug_macro   0x00013eb3      0x289 ./Core/Src/hcsr04.o
 .debug_macro   0x0001413c      0x1cb ./Core/Src/hcsr04.o
 .debug_macro   0x00014307      0x114 ./Core/Src/hcsr04.o
 .debug_macro   0x0001441b      0x1b2 ./Core/Src/hcsr04.o
 .debug_macro   0x000145cd       0x27 ./Core/Src/hcsr04.o
 .debug_macro   0x000145f4      0x136 ./Core/Src/hcsr04.o
 .debug_macro   0x0001472a      0x1bc ./Core/Src/hcsr04.o
 .debug_macro   0x000148e6       0x34 ./Core/Src/hcsr04.o
 .debug_macro   0x0001491a       0x3c ./Core/Src/hcsr04.o
 .debug_macro   0x00014956      0x408 ./Core/Src/hcsr04.o
 .debug_macro   0x00014d5e       0x57 ./Core/Src/hcsr04.o
 .debug_macro   0x00014db5       0x87 ./Core/Src/hcsr04.o
 .debug_macro   0x00014e3c      0x240 ./Core/Src/hcsr04.o
 .debug_macro   0x0001507c      0x140 ./Core/Src/hcsr04.o
 .debug_macro   0x000151bc      0x8ed ./Core/Src/hcsr04.o
 .debug_macro   0x00015aa9       0x83 ./Core/Src/hcsr04.o
 .debug_macro   0x00015b2c       0x40 ./Core/Src/hcsr04.o
 .debug_macro   0x00015b6c      0x29e ./Core/Src/main.o
 .debug_macro   0x00015e0a       0x61 ./Core/Src/main.o
 .debug_macro   0x00015e6b       0x24 ./Core/Src/main.o
 .debug_macro   0x00015e8f       0x43 ./Core/Src/main.o
 .debug_macro   0x00015ed2       0x34 ./Core/Src/main.o
 .debug_macro   0x00015f06       0x16 ./Core/Src/main.o
 .debug_macro   0x00015f1c       0x3c ./Core/Src/main.o
 .debug_macro   0x00015f58      0x370 ./Core/Src/main.o
 .debug_macro   0x000162c8       0x10 ./Core/Src/main.o
 .debug_macro   0x000162d8       0x16 ./Core/Src/main.o
 .debug_macro   0x000162ee       0x4a ./Core/Src/main.o
 .debug_macro   0x00016338       0x34 ./Core/Src/main.o
 .debug_macro   0x0001636c       0x10 ./Core/Src/main.o
 .debug_macro   0x0001637c       0x58 ./Core/Src/main.o
 .debug_macro   0x000163d4       0x8e ./Core/Src/main.o
 .debug_macro   0x00016462       0x1c ./Core/Src/main.o
 .debug_macro   0x0001647e      0x185 ./Core/Src/main.o
 .debug_macro   0x00016603       0x16 ./Core/Src/main.o
 .debug_macro   0x00016619       0x16 ./Core/Src/main.o
 .debug_macro   0x0001662f      0x146 ./Core/Src/main.o
 .debug_macro   0x00016775      0x1b2 ./Core/Src/stm32f1xx_hal_msp.o
 .debug_macro   0x00016927      0x1bc ./Core/Src/stm32f1xx_it.o
 .debug_macro   0x00016ae3      0x1a3 ./Core/Src/system_stm32f1xx.o
 .debug_macro   0x00016c86      0x1c7 ./Drivers/STM32F1xx_HAL_Driver/Src/stm32f1xx_hal.o
 .debug_macro   0x00016e4d      0x1b2 ./Drivers/STM32F1xx_HAL_Driver/Src/stm32f1xx_hal_can.o
 .debug_macro   0x00016fff      0x1a3 ./Drivers/STM32F1xx_HAL_Driver/Src/stm32f1xx_hal_cortex.o
 .debug_macro   0x000171a2      0x20e ./Drivers/STM32F1xx_HAL_Driver/Src/stm32f1xx_hal_gpio.o
 .debug_macro   0x000173b0      0x1b5 ./Drivers/STM32F1xx_HAL_Driver/Src/stm32f1xx_hal_rcc.o
 .debug_macro   0x00017565      0x1a4 ./Drivers/STM32F1xx_HAL_Driver/Src/stm32f1xx_hal_tim.o
 .debug_macro   0x00017709      0x1a3 ./Drivers/STM32F1xx_HAL_Driver/Src/stm32f1xx_hal_tim_ex.o

.debug_line     0x00000000     0xc1d8
 .debug_line    0x00000000      0x908 ./Core/Src/hcsr04.o
 .debug_line    0x00000908      0xd3b ./Core/Src/main.o
 .debug_line    0x00001643      0x8ad ./Core/Src/stm32f1xx_hal_msp.o
 .debug_line    0x00001ef0      0x89e ./Core/Src/stm32f1xx_it.o
 .debug_line    0x0000278e      0x83e ./Core/Src/system_stm32f1xx.o
 .debug_line    0x00002fcc       0x78 ./Core/Startup/startup_stm32f103c8tx.o
 .debug_line    0x00003044      0xa6f ./Drivers/STM32F1xx_HAL_Driver/Src/stm32f1xx_hal.o
 .debug_line    0x00003ab3     0x1268 ./Drivers/STM32F1xx_HAL_Driver/Src/stm32f1xx_hal_can.o
 .debug_line    0x00004d1b      0xc39 ./Drivers/STM32F1xx_HAL_Driver/Src/stm32f1xx_hal_cortex.o
 .debug_line    0x00005954      0xacc ./Drivers/STM32F1xx_HAL_Driver/Src/stm32f1xx_hal_gpio.o
 .debug_line    0x00006420      0xf28 ./Drivers/STM32F1xx_HAL_Driver/Src/stm32f1xx_hal_rcc.o
 .debug_line    0x00007348     0x355d ./Drivers/STM32F1xx_HAL_Driver/Src/stm32f1xx_hal_tim.o
 .debug_line    0x0000a8a5     0x1933 ./Drivers/STM32F1xx_HAL_Driver/Src/stm32f1xx_hal_tim_ex.o

.debug_str      0x00000000    0x8a519
 .debug_str     0x00000000    0x8a519 ./Core/Src/hcsr04.o
                              0x84324 (size before relaxing)
 .debug_str     0x0008a519    0x88272 ./Core/Src/main.o
 .debug_str     0x0008a519    0x8484d ./Core/Src/stm32f1xx_hal_msp.o
 .debug_str     0x0008a519    0x84279 ./Core/Src/stm32f1xx_it.o
 .debug_str     0x0008a519    0x83ccc ./Core/Src/system_stm32f1xx.o
 .debug_str     0x0008a519       0x69 ./Core/Startup/startup_stm32f103c8tx.o
 .debug_str     0x0008a519    0x843ff ./Drivers/STM32F1xx_HAL_Driver/Src/stm32f1xx_hal.o
 .debug_str     0x0008a519    0x844d4 ./Drivers/STM32F1xx_HAL_Driver/Src/stm32f1xx_hal_can.o
 .debug_str     0x0008a519    0x8434b ./Drivers/STM32F1xx_HAL_Driver/Src/stm32f1xx_hal_cortex.o
 .debug_str     0x0008a519    0x84052 ./Drivers/STM32F1xx_HAL_Driver/Src/stm32f1xx_hal_gpio.o
 .debug_str     0x0008a519    0x840fb ./Drivers/STM32F1xx_HAL_Driver/Src/stm32f1xx_hal_rcc.o
 .debug_str     0x0008a519    0x850fd ./Drivers/STM32F1xx_HAL_Driver/Src/stm32f1xx_hal_tim.o
 .debug_str     0x0008a519    0x84909 ./Drivers/STM32F1xx_HAL_Driver/Src/stm32f1xx_hal_tim_ex.o

.comment        0x00000000       0x43
 .comment       0x00000000       0x43 ./Core/Src/hcsr04.o
                                 0x44 (size before relaxing)
 .comment       0x00000043       0x44 ./Core/Src/main.o
 .comment       0x00000043       0x44 ./Core/Src/stm32f1xx_hal_msp.o
 .comment       0x00000043       0x44 ./Core/Src/stm32f1xx_it.o
 .comment       0x00000043       0x44 ./Core/Src/system_stm32f1xx.o
 .comment       0x00000043       0x44 ./Drivers/STM32F1xx_HAL_Driver/Src/stm32f1xx_hal.o
 .comment       0x00000043       0x44 ./Drivers/STM32F1xx_HAL_Driver/Src/stm32f1xx_hal_can.o
 .comment       0x00000043       0x44 ./Drivers/STM32F1xx_HAL_Driver/Src/stm32f1xx_hal_cortex.o
 .comment       0x00000043       0x44 ./Drivers/STM32F1xx_HAL_Driver/Src/stm32f1xx_hal_gpio.o
 .comment       0x00000043       0x44 ./Drivers/STM32F1xx_HAL_Driver/Src/stm32f1xx_hal_rcc.o
 .comment       0x00000043       0x44 ./Drivers/STM32F1xx_HAL_Driver/Src/stm32f1xx_hal_tim.o
 .comment       0x00000043       0x44 ./Drivers/STM32F1xx_HAL_Driver/Src/stm32f1xx_hal_tim_ex.o

.debug_frame    0x00000000     0x2e58
 .debug_frame   0x00000000       0xa8 ./Core/Src/hcsr04.o
 .debug_frame   0x000000a8      0x16c ./Core/Src/main.o
 .debug_frame   0x00000214       0xc8 ./Core/Src/stm32f1xx_hal_msp.o
 .debug_frame   0x000002dc      0x13c ./Core/Src/stm32f1xx_it.o
 .debug_frame   0x00000418       0x58 ./Core/Src/system_stm32f1xx.o
 .debug_frame   0x00000470      0x334 ./Drivers/STM32F1xx_HAL_Driver/Src/stm32f1xx_hal.o
 .debug_frame   0x000007a4      0x5a0 ./Drivers/STM32F1xx_HAL_Driver/Src/stm32f1xx_hal_can.o
 .debug_frame   0x00000d44      0x428 ./Drivers/STM32F1xx_HAL_Driver/Src/stm32f1xx_hal_cortex.o
 .debug_frame   0x0000116c      0x14c ./Drivers/STM32F1xx_HAL_Driver/Src/stm32f1xx_hal_gpio.o
 .debug_frame   0x000012b8      0x218 ./Drivers/STM32F1xx_HAL_Driver/Src/stm32f1xx_hal_rcc.o
 .debug_frame   0x000014d0     0x11b8 ./Drivers/STM32F1xx_HAL_Driver/Src/stm32f1xx_hal_tim.o
 .debug_frame   0x00002688      0x638 ./Drivers/STM32F1xx_HAL_Driver/Src/stm32f1xx_hal_tim_ex.o
 .debug_frame   0x00002cc0       0x20 D:/STM32CubeIdeSetUp/STM32CubeIDE_1.19.0/STM32CubeIDE/plugins/com.st.stm32cube.ide.mcu.externaltools.gnu-tools-for-stm32.13.3.rel1.win32_1.0.0.202411081344/tools/bin/../lib/gcc/arm-none-eabi/13.3.1/../../../../arm-none-eabi/lib/thumb/v7-m/nofp\libc_nano.a(libc_a-memset.o)
 .debug_frame   0x00002ce0       0x2c D:/STM32CubeIdeSetUp/STM32CubeIDE_1.19.0/STM32CubeIDE/plugins/com.st.stm32cube.ide.mcu.externaltools.gnu-tools-for-stm32.13.3.rel1.win32_1.0.0.202411081344/tools/bin/../lib/gcc/arm-none-eabi/13.3.1/../../../../arm-none-eabi/lib/thumb/v7-m/nofp\libc_nano.a(libc_a-init.o)
 .debug_frame   0x00002d0c       0x4c D:/STM32CubeIdeSetUp/STM32CubeIDE_1.19.0/STM32CubeIDE/plugins/com.st.stm32cube.ide.mcu.externaltools.gnu-tools-for-stm32.13.3.rel1.win32_1.0.0.202411081344/tools/bin/../lib/gcc/arm-none-eabi/13.3.1/thumb/v7-m/nofp\libgcc.a(_arm_addsubsf3.o)
 .debug_frame   0x00002d58       0x38 D:/STM32CubeIdeSetUp/STM32CubeIDE_1.19.0/STM32CubeIDE/plugins/com.st.stm32cube.ide.mcu.externaltools.gnu-tools-for-stm32.13.3.rel1.win32_1.0.0.202411081344/tools/bin/../lib/gcc/arm-none-eabi/13.3.1/thumb/v7-m/nofp\libgcc.a(_arm_muldivsf3.o)
 .debug_frame   0x00002d90       0xc8 D:/STM32CubeIdeSetUp/STM32CubeIDE_1.19.0/STM32CubeIDE/plugins/com.st.stm32cube.ide.mcu.externaltools.gnu-tools-for-stm32.13.3.rel1.win32_1.0.0.202411081344/tools/bin/../lib/gcc/arm-none-eabi/13.3.1/thumb/v7-m/nofp\libgcc.a(_arm_cmpsf2.o)

.debug_line_str
                0x00000000       0x4d
 .debug_line_str
                0x00000000       0x4d ./Core/Startup/startup_stm32f103c8tx.o
